// Jest Snapshot v1, https://goo.gl/fbAQLP

exports[`<AlcConverter /> testit Render√∂ityy oikein... 1`] = `
<RCTScrollView
  contentContainerStyle={
    Array [
      undefined,
      undefined,
      undefined,
      false,
      Object {
        "backgroundColor": "#f6f6f6",
        "padding": 0,
      },
      undefined,
      undefined,
    ]
  }
>
  <View>
    <Text
      style={
        Array [
          Object {
            "color": "#000000",
            "fontFamily": "System",
            "fontWeight": "400",
          },
          Object {
            "textAlign": "left",
          },
          Array [
            Object {
              "textAlign": "left",
            },
            Object {
              "color": "rgba(0, 0, 0, 0.87)",
              "fontFamily": "System",
              "fontWeight": "400",
              "writingDirection": "ltr",
            },
            Array [
              Object {
                "fontSize": 24,
                "letterSpacing": 0,
                "lineHeight": 32,
                "marginVertical": 2,
              },
              undefined,
            ],
          ],
        ]
      }
    >
      Beerculator
    </Text>
    <View
      style={
        Object {
          "alignItems": "center",
          "display": "flex",
          "flexDirection": "row",
        }
      }
    >
      <Text
        style={
          Object {
            "minWidth": 120,
          }
        }
      >
        Long (0,5l)
      </Text>
      <View
        style={
          Object {
            "width": 100,
          }
        }
      >
        <View
          pointerEvents="none"
          style={
            Array [
              Object {
                "bottom": 0,
                "left": 0,
                "position": "absolute",
                "right": 0,
                "top": 6,
              },
              Object {
                "backgroundColor": "#f6f6f6",
                "borderColor": "rgba(0, 0, 0, 0.54)",
                "borderRadius": 4,
                "borderWidth": 1,
              },
            ]
          }
          testID="text-input-outline"
        />
        <View>
          <View
            style={
              Array [
                Object {
                  "paddingBottom": 0,
                },
                Object {
                  "minHeight": 48,
                  "paddingTop": 8,
                },
              ]
            }
          >
            <TextInput
              autoComplete="off"
              editable={true}
              keyboardType="numeric"
              maxFontSizeMultiplier={1.5}
              multiline={false}
              onBlur={[Function]}
              onChangeText={[Function]}
              onFocus={[Function]}
              placeholderTextColor="rgba(0, 0, 0, 0.54)"
              selectionColor="#6200ee"
              style={
                Array [
                  Object {
                    "flexGrow": 1,
                    "margin": 0,
                    "paddingHorizontal": 14,
                    "zIndex": 1,
                  },
                  Object {
                    "height": 40,
                  },
                  Object {
                    "paddingBottom": 0,
                    "paddingTop": 0,
                  },
                  Object {
                    "color": "#000000",
                    "fontFamily": "System",
                    "fontSize": 16,
                    "fontVariant": undefined,
                    "fontWeight": undefined,
                    "textAlign": "left",
                    "textAlignVertical": "center",
                  },
                  false,
                  Array [
                    Object {},
                  ],
                ]
              }
              testID="long"
              underlineColorAndroid="transparent"
            />
          </View>
        </View>
      </View>
    </View>
    <View
      style={
        Object {
          "alignItems": "center",
          "display": "flex",
          "flexDirection": "row",
        }
      }
    >
      <Text
        style={
          Object {
            "minWidth": 120,
          }
        }
      >
        Strong (&gt;5.0%)
      </Text>
      <View
        style={
          Object {
            "width": 100,
          }
        }
      >
        <View
          pointerEvents="none"
          style={
            Array [
              Object {
                "bottom": 0,
                "left": 0,
                "position": "absolute",
                "right": 0,
                "top": 6,
              },
              Object {
                "backgroundColor": "#f6f6f6",
                "borderColor": "rgba(0, 0, 0, 0.54)",
                "borderRadius": 4,
                "borderWidth": 1,
              },
            ]
          }
          testID="text-input-outline"
        />
        <View>
          <View
            style={
              Array [
                Object {
                  "paddingBottom": 0,
                },
                Object {
                  "minHeight": 48,
                  "paddingTop": 8,
                },
              ]
            }
          >
            <TextInput
              autoComplete="off"
              editable={true}
              keyboardType="numeric"
              maxFontSizeMultiplier={1.5}
              multiline={false}
              onBlur={[Function]}
              onChangeText={[Function]}
              onFocus={[Function]}
              placeholderTextColor="rgba(0, 0, 0, 0.54)"
              selectionColor="#6200ee"
              style={
                Array [
                  Object {
                    "flexGrow": 1,
                    "margin": 0,
                    "paddingHorizontal": 14,
                    "zIndex": 1,
                  },
                  Object {
                    "height": 40,
                  },
                  Object {
                    "paddingBottom": 0,
                    "paddingTop": 0,
                  },
                  Object {
                    "color": "#000000",
                    "fontFamily": "System",
                    "fontSize": 16,
                    "fontVariant": undefined,
                    "fontWeight": undefined,
                    "textAlign": "left",
                    "textAlignVertical": "center",
                  },
                  false,
                  Array [
                    Object {},
                  ],
                ]
              }
              testID="strong"
              underlineColorAndroid="transparent"
            />
          </View>
        </View>
      </View>
    </View>
    <View
      style={
        Object {
          "alignItems": "center",
          "display": "flex",
          "flexDirection": "row",
        }
      }
    >
      <Text
        style={
          Object {
            "minWidth": 120,
          }
        }
      >
        Long & Strong
      </Text>
      <View
        style={
          Object {
            "width": 100,
          }
        }
      >
        <View
          pointerEvents="none"
          style={
            Array [
              Object {
                "bottom": 0,
                "left": 0,
                "position": "absolute",
                "right": 0,
                "top": 6,
              },
              Object {
                "backgroundColor": "#f6f6f6",
                "borderColor": "rgba(0, 0, 0, 0.54)",
                "borderRadius": 4,
                "borderWidth": 1,
              },
            ]
          }
          testID="text-input-outline"
        />
        <View>
          <View
            style={
              Array [
                Object {
                  "paddingBottom": 0,
                },
                Object {
                  "minHeight": 48,
                  "paddingTop": 8,
                },
              ]
            }
          >
            <TextInput
              autoComplete="off"
              editable={true}
              keyboardType="numeric"
              maxFontSizeMultiplier={1.5}
              multiline={false}
              onBlur={[Function]}
              onChangeText={[Function]}
              onFocus={[Function]}
              placeholderTextColor="rgba(0, 0, 0, 0.54)"
              selectionColor="#6200ee"
              style={
                Array [
                  Object {
                    "flexGrow": 1,
                    "margin": 0,
                    "paddingHorizontal": 14,
                    "zIndex": 1,
                  },
                  Object {
                    "height": 40,
                  },
                  Object {
                    "paddingBottom": 0,
                    "paddingTop": 0,
                  },
                  Object {
                    "color": "#000000",
                    "fontFamily": "System",
                    "fontSize": 16,
                    "fontVariant": undefined,
                    "fontWeight": undefined,
                    "textAlign": "left",
                    "textAlignVertical": "center",
                  },
                  false,
                  Array [
                    Object {},
                  ],
                ]
              }
              testID="longandstrong"
              underlineColorAndroid="transparent"
            />
          </View>
        </View>
      </View>
    </View>
    <View
      style={
        Object {
          "alignItems": "center",
          "display": "flex",
          "flexDirection": "row",
        }
      }
    >
      <Text
        style={
          Object {
            "minWidth": 120,
          }
        }
      >
        Wine (dl)
      </Text>
      <View
        style={
          Object {
            "width": 100,
          }
        }
      >
        <View
          pointerEvents="none"
          style={
            Array [
              Object {
                "bottom": 0,
                "left": 0,
                "position": "absolute",
                "right": 0,
                "top": 6,
              },
              Object {
                "backgroundColor": "#f6f6f6",
                "borderColor": "rgba(0, 0, 0, 0.54)",
                "borderRadius": 4,
                "borderWidth": 1,
              },
            ]
          }
          testID="text-input-outline"
        />
        <View>
          <View
            style={
              Array [
                Object {
                  "paddingBottom": 0,
                },
                Object {
                  "minHeight": 48,
                  "paddingTop": 8,
                },
              ]
            }
          >
            <TextInput
              autoComplete="off"
              editable={true}
              keyboardType="numeric"
              maxFontSizeMultiplier={1.5}
              multiline={false}
              onBlur={[Function]}
              onChangeText={[Function]}
              onFocus={[Function]}
              placeholderTextColor="rgba(0, 0, 0, 0.54)"
              selectionColor="#6200ee"
              style={
                Array [
                  Object {
                    "flexGrow": 1,
                    "margin": 0,
                    "paddingHorizontal": 14,
                    "zIndex": 1,
                  },
                  Object {
                    "height": 40,
                  },
                  Object {
                    "paddingBottom": 0,
                    "paddingTop": 0,
                  },
                  Object {
                    "color": "#000000",
                    "fontFamily": "System",
                    "fontSize": 16,
                    "fontVariant": undefined,
                    "fontWeight": undefined,
                    "textAlign": "left",
                    "textAlignVertical": "center",
                  },
                  false,
                  Array [
                    Object {},
                  ],
                ]
              }
              testID="wine"
              underlineColorAndroid="transparent"
            />
          </View>
        </View>
      </View>
    </View>
    <View
      style={
        Object {
          "alignItems": "center",
          "display": "flex",
          "flexDirection": "row",
        }
      }
    >
      <Text
        style={
          Object {
            "minWidth": 120,
          }
        }
      >
        Normal (0,33l)
      </Text>
      <View
        style={
          Object {
            "width": 100,
          }
        }
      >
        <View
          pointerEvents="none"
          style={
            Array [
              Object {
                "bottom": 0,
                "left": 0,
                "position": "absolute",
                "right": 0,
                "top": 6,
              },
              Object {
                "backgroundColor": "#f6f6f6",
                "borderColor": "rgba(0, 0, 0, 0.54)",
                "borderRadius": 4,
                "borderWidth": 1,
              },
            ]
          }
          testID="text-input-outline"
        />
        <View>
          <View
            style={
              Array [
                Object {
                  "paddingBottom": 0,
                },
                Object {
                  "minHeight": 48,
                  "paddingTop": 8,
                },
              ]
            }
          >
            <TextInput
              autoComplete="off"
              editable={true}
              keyboardType="numeric"
              maxFontSizeMultiplier={1.5}
              multiline={false}
              onBlur={[Function]}
              onChangeText={[Function]}
              onFocus={[Function]}
              placeholderTextColor="rgba(0, 0, 0, 0.54)"
              selectionColor="#6200ee"
              style={
                Array [
                  Object {
                    "flexGrow": 1,
                    "margin": 0,
                    "paddingHorizontal": 14,
                    "zIndex": 1,
                  },
                  Object {
                    "height": 40,
                  },
                  Object {
                    "paddingBottom": 0,
                    "paddingTop": 0,
                  },
                  Object {
                    "color": "#000000",
                    "fontFamily": "System",
                    "fontSize": 16,
                    "fontVariant": undefined,
                    "fontWeight": undefined,
                    "textAlign": "left",
                    "textAlignVertical": "center",
                  },
                  false,
                  Array [
                    Object {},
                  ],
                ]
              }
              testID="normal"
              underlineColorAndroid="transparent"
            />
          </View>
        </View>
      </View>
    </View>
    <View
      style={
        Array [
          Object {
            "marginTop": 20,
          },
          Object {
            "alignItems": "center",
            "display": "flex",
            "flexDirection": "row",
          },
        ]
      }
    >
      <Text
        style={
          Object {
            "minWidth": 120,
          }
        }
      >
        Total
      </Text>
      <Text
        testID="beers"
      >
        0
         beers
      </Text>
    </View>
  </View>
</RCTScrollView>
`;
