// Jest Snapshot v1, https://goo.gl/fbAQLP

exports[`<Game /> testit Render√∂ityy oikein 1`] = `
Array [
  <View
    style={
      Object {
        "width": "100%",
      }
    }
  >
    <RCTScrollView
      contentContainerStyle={
        Object {
          "display": "flex",
          "flexDirection": "row",
        }
      }
      horizontal={true}
      showsHorizontalScrollIndicator={false}
    >
      <View>
        <View
          accessible={true}
          collapsable={false}
          focusable={true}
          onBlur={[Function]}
          onClick={[Function]}
          onFocus={[Function]}
          onResponderGrant={[Function]}
          onResponderMove={[Function]}
          onResponderRelease={[Function]}
          onResponderTerminate={[Function]}
          onResponderTerminationRequest={[Function]}
          onStartShouldSetResponder={[Function]}
          testID="SingleTab"
        >
          <View
            style={
              Array [
                Object {
                  "backgroundColor": "rgb(220,220,220)",
                  "borderColor": "lightgray",
                  "borderTopLeftRadius": 7,
                  "borderTopRightRadius": 7,
                  "borderWidth": 1,
                  "height": 50,
                  "paddingTop": "20%",
                  "width": 50,
                },
                Object {
                  "backgroundColor": "rgb(180, 255, 180)",
                  "borderBottomWidth": 0,
                },
              ]
            }
          >
            <Text
              style={
                Object {
                  "fontSize": 20,
                  "textAlign": "center",
                }
              }
            >
              1
            </Text>
          </View>
        </View>
        <View
          accessible={true}
          collapsable={false}
          focusable={true}
          onBlur={[Function]}
          onClick={[Function]}
          onFocus={[Function]}
          onResponderGrant={[Function]}
          onResponderMove={[Function]}
          onResponderRelease={[Function]}
          onResponderTerminate={[Function]}
          onResponderTerminationRequest={[Function]}
          onStartShouldSetResponder={[Function]}
          testID="SingleTab"
        >
          <View
            style={
              Array [
                Object {
                  "backgroundColor": "rgb(220,220,220)",
                  "borderColor": "lightgray",
                  "borderTopLeftRadius": 7,
                  "borderTopRightRadius": 7,
                  "borderWidth": 1,
                  "height": 50,
                  "paddingTop": "20%",
                  "width": 50,
                },
                Object {
                  "backgroundColor": "rgb(180,220,180)",
                },
              ]
            }
          >
            <Text
              style={
                Object {
                  "fontSize": 20,
                  "textAlign": "center",
                }
              }
            >
              2
            </Text>
          </View>
        </View>
        <View
          accessible={true}
          collapsable={false}
          focusable={true}
          onBlur={[Function]}
          onClick={[Function]}
          onFocus={[Function]}
          onResponderGrant={[Function]}
          onResponderMove={[Function]}
          onResponderRelease={[Function]}
          onResponderTerminate={[Function]}
          onResponderTerminationRequest={[Function]}
          onStartShouldSetResponder={[Function]}
          testID="SingleTab"
        >
          <View
            style={
              Array [
                Object {
                  "backgroundColor": "rgb(220,220,220)",
                  "borderColor": "lightgray",
                  "borderTopLeftRadius": 7,
                  "borderTopRightRadius": 7,
                  "borderWidth": 1,
                  "height": 50,
                  "paddingTop": "20%",
                  "width": 50,
                },
                Object {
                  "backgroundColor": "rgb(180,220,180)",
                },
              ]
            }
          >
            <Text
              style={
                Object {
                  "fontSize": 20,
                  "textAlign": "center",
                }
              }
            >
              3
            </Text>
          </View>
        </View>
        <View
          accessible={true}
          collapsable={false}
          focusable={true}
          onBlur={[Function]}
          onClick={[Function]}
          onFocus={[Function]}
          onResponderGrant={[Function]}
          onResponderMove={[Function]}
          onResponderRelease={[Function]}
          onResponderTerminate={[Function]}
          onResponderTerminationRequest={[Function]}
          onStartShouldSetResponder={[Function]}
          testID="SingleTab"
        >
          <View
            style={
              Array [
                Object {
                  "backgroundColor": "rgb(220,220,220)",
                  "borderColor": "lightgray",
                  "borderTopLeftRadius": 7,
                  "borderTopRightRadius": 7,
                  "borderWidth": 1,
                  "height": 50,
                  "paddingTop": "20%",
                  "width": 50,
                },
                Object {
                  "backgroundColor": "rgb(180,220,180)",
                },
              ]
            }
          >
            <Text
              style={
                Object {
                  "fontSize": 20,
                  "textAlign": "center",
                }
              }
            >
              4
            </Text>
          </View>
        </View>
        <View
          accessible={true}
          collapsable={false}
          focusable={true}
          onBlur={[Function]}
          onClick={[Function]}
          onFocus={[Function]}
          onResponderGrant={[Function]}
          onResponderMove={[Function]}
          onResponderRelease={[Function]}
          onResponderTerminate={[Function]}
          onResponderTerminationRequest={[Function]}
          onStartShouldSetResponder={[Function]}
          testID="SingleTab"
        >
          <View
            style={
              Array [
                Object {
                  "backgroundColor": "rgb(220,220,220)",
                  "borderColor": "lightgray",
                  "borderTopLeftRadius": 7,
                  "borderTopRightRadius": 7,
                  "borderWidth": 1,
                  "height": 50,
                  "paddingTop": "20%",
                  "width": 50,
                },
                Object {
                  "backgroundColor": "rgb(180,220,180)",
                },
              ]
            }
          >
            <Text
              style={
                Object {
                  "fontSize": 20,
                  "textAlign": "center",
                }
              }
            >
              5
            </Text>
          </View>
        </View>
      </View>
    </RCTScrollView>
  </View>,
  <View
    style={
      Array [
        undefined,
        undefined,
        undefined,
        Object {
          "flex": 1,
        },
        Object {
          "backgroundColor": "#f6f6f6",
          "padding": 0,
        },
        undefined,
        undefined,
      ]
    }
  >
    <View
      onTouchEnd={[Function]}
      onTouchStart={[Function]}
      style={
        Object {
          "minHeight": "100%",
        }
      }
    >
      <View
        style={
          Object {
            "padding": 10,
          }
        }
      >
        <Text
          style={
            Object {
              "fontSize": 30,
              "fontWeight": "bold",
            }
          }
          testID="GameRata"
        >
          MockedCourse1
           #
          1
          , par 
          3
        </Text>
        <Text
          style={
            Object {
              "color": "gray",
            }
          }
          testID="GameLayout"
        >
          MockedLayout1
        </Text>
      </View>
      <RCTScrollView
        ItemSeparatorComponent={[Function]}
        ListFooterComponent={
          <View
            style={
              Object {
                "height": 70,
              }
            }
          />
        }
        data={
          Array [
            Object {
              "beers": 0,
              "hc": 0,
              "plusminus": 2,
              "scores": Array [
                3,
                3,
                3,
                3,
                3,
              ],
              "total": 15,
              "user": Object {
                "id": "MockedUserId1",
                "name": "MockerUser1",
              },
            },
          ]
        }
        getItem={[Function]}
        getItemCount={[Function]}
        keyExtractor={[Function]}
        onContentSizeChange={[Function]}
        onLayout={[Function]}
        onMomentumScrollBegin={[Function]}
        onMomentumScrollEnd={[Function]}
        onScroll={[Function]}
        onScrollBeginDrag={[Function]}
        onScrollEndDrag={[Function]}
        removeClippedSubviews={false}
        renderItem={[Function]}
        scrollEventThrottle={50}
        stickyHeaderIndices={Array []}
        style={
          Object {
            "flex": 1,
          }
        }
        viewabilityConfigCallbackPairs={Array []}
      >
        <View>
          <View
            onLayout={[Function]}
            style={null}
          >
            <View
              collapsable={false}
              onLayout={[Function]}
              style={
                Object {
                  "alignSelf": "center",
                  "backgroundColor": "#ffffff",
                  "borderColor": "rgba(0, 0, 0, 0.12)",
                  "borderRadius": 4,
                  "elevation": 2,
                  "marginBottom": 1,
                  "minHeight": 120,
                  "shadowColor": "#000000",
                  "shadowOffset": Object {
                    "height": 0.75,
                    "width": 0,
                  },
                  "shadowOpacity": 0.24,
                  "shadowRadius": 1.5,
                  "width": "98%",
                }
              }
            >
              <View
                accessibilityState={
                  Object {
                    "disabled": true,
                  }
                }
                accessible={true}
                focusable={false}
                onClick={[Function]}
                onResponderGrant={[Function]}
                onResponderMove={[Function]}
                onResponderRelease={[Function]}
                onResponderTerminate={[Function]}
                onResponderTerminationRequest={[Function]}
                onStartShouldSetResponder={[Function]}
                style={
                  Object {
                    "flexGrow": 1,
                    "flexShrink": 1,
                  }
                }
              >
                <View
                  style={
                    Array [
                      Object {
                        "alignItems": "center",
                        "flexDirection": "row",
                        "justifyContent": "space-between",
                        "paddingLeft": 16,
                      },
                      Object {
                        "minHeight": 72,
                      },
                      Object {
                        "padding": 10,
                      },
                    ]
                  }
                >
                  <View
                    style={
                      Array [
                        Object {
                          "flex": 1,
                          "flexDirection": "column",
                          "justifyContent": "center",
                        },
                      ]
                    }
                  >
                    <Text
                      numberOfLines={1}
                      style={
                        Array [
                          Object {
                            "color": "#000000",
                            "fontFamily": "System",
                            "fontWeight": "400",
                          },
                          Object {
                            "textAlign": "left",
                          },
                          Array [
                            Object {
                              "textAlign": "left",
                            },
                            Object {
                              "color": "rgba(0, 0, 0, 0.87)",
                              "fontFamily": "System",
                              "fontWeight": "500",
                              "writingDirection": "ltr",
                            },
                            Array [
                              Object {
                                "fontSize": 20,
                                "letterSpacing": 0.15,
                                "lineHeight": 30,
                                "marginVertical": 2,
                              },
                              Array [
                                Object {
                                  "minHeight": 30,
                                  "paddingRight": 16,
                                },
                                Object {
                                  "marginBottom": 2,
                                },
                                undefined,
                              ],
                            ],
                          ],
                        ]
                      }
                    >
                      MockerUser1
                    </Text>
                  </View>
                  <View>
                    <Text
                      style={
                        Object {
                          "fontSize": 12,
                          "opacity": 0.6,
                        }
                      }
                    />
                  </View>
                </View>
                <View
                  style={
                    Array [
                      Object {
                        "paddingHorizontal": 16,
                      },
                      undefined,
                      Object {
                        "display": "flex",
                        "flexDirection": "row",
                        "justifyContent": "space-around",
                        "padding": 10,
                      },
                    ]
                  }
                >
                  <View
                    style={
                      Object {
                        "flex": 4,
                      }
                    }
                  >
                    <RCTScrollView
                      data={
                        Array [
                          1,
                          2,
                          3,
                          4,
                          5,
                          6,
                          7,
                          8,
                          9,
                        ]
                      }
                      getItem={[Function]}
                      getItemCount={[Function]}
                      horizontal={true}
                      initialScrollIndex={0}
                      keyExtractor={[Function]}
                      onContentSizeChange={[Function]}
                      onEndReached={[Function]}
                      onEndReachedThreshold={0.1}
                      onLayout={[Function]}
                      onMomentumScrollBegin={[Function]}
                      onMomentumScrollEnd={[Function]}
                      onScroll={[Function]}
                      onScrollBeginDrag={[Function]}
                      onScrollEndDrag={[Function]}
                      removeClippedSubviews={false}
                      renderItem={[Function]}
                      scrollEventThrottle={50}
                      stickyHeaderIndices={Array []}
                      viewabilityConfigCallbackPairs={Array []}
                    >
                      <View>
                        <View
                          onLayout={[Function]}
                          style={
                            Array [
                              Object {
                                "flexDirection": "row",
                              },
                              null,
                            ]
                          }
                        >
                          <View
                            accessible={true}
                            collapsable={false}
                            focusable={true}
                            onBlur={[Function]}
                            onClick={[Function]}
                            onFocus={[Function]}
                            onResponderGrant={[Function]}
                            onResponderMove={[Function]}
                            onResponderRelease={[Function]}
                            onResponderTerminate={[Function]}
                            onResponderTerminationRequest={[Function]}
                            onStartShouldSetResponder={[Function]}
                            style={
                              Array [
                                Object {
                                  "backgroundColor": "lightgray",
                                  "borderColor": "#000",
                                  "borderRadius": 7,
                                  "borderWidth": 1,
                                  "elevation": 2,
                                  "marginRight": 5,
                                  "paddingHorizontal": 15,
                                  "paddingVertical": 10,
                                },
                                false,
                                false,
                              ]
                            }
                          >
                            <Text>
                              1
                            </Text>
                          </View>
                        </View>
                        <View
                          onLayout={[Function]}
                          style={
                            Array [
                              Object {
                                "flexDirection": "row",
                              },
                              null,
                            ]
                          }
                        >
                          <View
                            accessible={true}
                            collapsable={false}
                            focusable={true}
                            onBlur={[Function]}
                            onClick={[Function]}
                            onFocus={[Function]}
                            onResponderGrant={[Function]}
                            onResponderMove={[Function]}
                            onResponderRelease={[Function]}
                            onResponderTerminate={[Function]}
                            onResponderTerminationRequest={[Function]}
                            onStartShouldSetResponder={[Function]}
                            style={
                              Array [
                                Object {
                                  "backgroundColor": "lightgray",
                                  "borderColor": "#000",
                                  "borderRadius": 7,
                                  "borderWidth": 1,
                                  "elevation": 2,
                                  "marginRight": 5,
                                  "paddingHorizontal": 15,
                                  "paddingVertical": 10,
                                },
                                false,
                                false,
                              ]
                            }
                          >
                            <Text>
                              2
                            </Text>
                          </View>
                        </View>
                        <View
                          onLayout={[Function]}
                          style={
                            Array [
                              Object {
                                "flexDirection": "row",
                              },
                              null,
                            ]
                          }
                        >
                          <View
                            accessible={true}
                            collapsable={false}
                            focusable={true}
                            onBlur={[Function]}
                            onClick={[Function]}
                            onFocus={[Function]}
                            onResponderGrant={[Function]}
                            onResponderMove={[Function]}
                            onResponderRelease={[Function]}
                            onResponderTerminate={[Function]}
                            onResponderTerminationRequest={[Function]}
                            onStartShouldSetResponder={[Function]}
                            style={
                              Array [
                                Object {
                                  "backgroundColor": "lightgray",
                                  "borderColor": "#000",
                                  "borderRadius": 7,
                                  "borderWidth": 1,
                                  "elevation": 2,
                                  "marginRight": 5,
                                  "paddingHorizontal": 15,
                                  "paddingVertical": 10,
                                },
                                false,
                                Object {
                                  "backgroundColor": "#8ecf8a",
                                  "borderColor": "green",
                                },
                              ]
                            }
                          >
                            <Text>
                              3
                            </Text>
                          </View>
                        </View>
                        <View
                          onLayout={[Function]}
                          style={
                            Array [
                              Object {
                                "flexDirection": "row",
                              },
                              null,
                            ]
                          }
                        >
                          <View
                            accessible={true}
                            collapsable={false}
                            focusable={true}
                            onBlur={[Function]}
                            onClick={[Function]}
                            onFocus={[Function]}
                            onResponderGrant={[Function]}
                            onResponderMove={[Function]}
                            onResponderRelease={[Function]}
                            onResponderTerminate={[Function]}
                            onResponderTerminationRequest={[Function]}
                            onStartShouldSetResponder={[Function]}
                            style={
                              Array [
                                Object {
                                  "backgroundColor": "lightgray",
                                  "borderColor": "#000",
                                  "borderRadius": 7,
                                  "borderWidth": 1,
                                  "elevation": 2,
                                  "marginRight": 5,
                                  "paddingHorizontal": 15,
                                  "paddingVertical": 10,
                                },
                                false,
                                false,
                              ]
                            }
                          >
                            <Text>
                              4
                            </Text>
                          </View>
                        </View>
                        <View
                          onLayout={[Function]}
                          style={
                            Array [
                              Object {
                                "flexDirection": "row",
                              },
                              null,
                            ]
                          }
                        >
                          <View
                            accessible={true}
                            collapsable={false}
                            focusable={true}
                            onBlur={[Function]}
                            onClick={[Function]}
                            onFocus={[Function]}
                            onResponderGrant={[Function]}
                            onResponderMove={[Function]}
                            onResponderRelease={[Function]}
                            onResponderTerminate={[Function]}
                            onResponderTerminationRequest={[Function]}
                            onStartShouldSetResponder={[Function]}
                            style={
                              Array [
                                Object {
                                  "backgroundColor": "lightgray",
                                  "borderColor": "#000",
                                  "borderRadius": 7,
                                  "borderWidth": 1,
                                  "elevation": 2,
                                  "marginRight": 5,
                                  "paddingHorizontal": 15,
                                  "paddingVertical": 10,
                                },
                                false,
                                false,
                              ]
                            }
                          >
                            <Text>
                              5
                            </Text>
                          </View>
                        </View>
                        <View
                          onLayout={[Function]}
                          style={
                            Array [
                              Object {
                                "flexDirection": "row",
                              },
                              null,
                            ]
                          }
                        >
                          <View
                            accessible={true}
                            collapsable={false}
                            focusable={true}
                            onBlur={[Function]}
                            onClick={[Function]}
                            onFocus={[Function]}
                            onResponderGrant={[Function]}
                            onResponderMove={[Function]}
                            onResponderRelease={[Function]}
                            onResponderTerminate={[Function]}
                            onResponderTerminationRequest={[Function]}
                            onStartShouldSetResponder={[Function]}
                            style={
                              Array [
                                Object {
                                  "backgroundColor": "lightgray",
                                  "borderColor": "#000",
                                  "borderRadius": 7,
                                  "borderWidth": 1,
                                  "elevation": 2,
                                  "marginRight": 5,
                                  "paddingHorizontal": 15,
                                  "paddingVertical": 10,
                                },
                                false,
                                false,
                              ]
                            }
                          >
                            <Text>
                              6
                            </Text>
                          </View>
                        </View>
                        <View
                          onLayout={[Function]}
                          style={
                            Array [
                              Object {
                                "flexDirection": "row",
                              },
                              null,
                            ]
                          }
                        >
                          <View
                            accessible={true}
                            collapsable={false}
                            focusable={true}
                            onBlur={[Function]}
                            onClick={[Function]}
                            onFocus={[Function]}
                            onResponderGrant={[Function]}
                            onResponderMove={[Function]}
                            onResponderRelease={[Function]}
                            onResponderTerminate={[Function]}
                            onResponderTerminationRequest={[Function]}
                            onStartShouldSetResponder={[Function]}
                            style={
                              Array [
                                Object {
                                  "backgroundColor": "lightgray",
                                  "borderColor": "#000",
                                  "borderRadius": 7,
                                  "borderWidth": 1,
                                  "elevation": 2,
                                  "marginRight": 5,
                                  "paddingHorizontal": 15,
                                  "paddingVertical": 10,
                                },
                                false,
                                false,
                              ]
                            }
                          >
                            <Text>
                              7
                            </Text>
                          </View>
                        </View>
                        <View
                          onLayout={[Function]}
                          style={
                            Array [
                              Object {
                                "flexDirection": "row",
                              },
                              null,
                            ]
                          }
                        >
                          <View
                            accessible={true}
                            collapsable={false}
                            focusable={true}
                            onBlur={[Function]}
                            onClick={[Function]}
                            onFocus={[Function]}
                            onResponderGrant={[Function]}
                            onResponderMove={[Function]}
                            onResponderRelease={[Function]}
                            onResponderTerminate={[Function]}
                            onResponderTerminationRequest={[Function]}
                            onStartShouldSetResponder={[Function]}
                            style={
                              Array [
                                Object {
                                  "backgroundColor": "lightgray",
                                  "borderColor": "#000",
                                  "borderRadius": 7,
                                  "borderWidth": 1,
                                  "elevation": 2,
                                  "marginRight": 5,
                                  "paddingHorizontal": 15,
                                  "paddingVertical": 10,
                                },
                                false,
                                false,
                              ]
                            }
                          >
                            <Text>
                              8
                            </Text>
                          </View>
                        </View>
                        <View
                          onLayout={[Function]}
                          style={
                            Array [
                              Object {
                                "flexDirection": "row",
                              },
                              null,
                            ]
                          }
                        >
                          <View
                            accessible={true}
                            collapsable={false}
                            focusable={true}
                            onBlur={[Function]}
                            onClick={[Function]}
                            onFocus={[Function]}
                            onResponderGrant={[Function]}
                            onResponderMove={[Function]}
                            onResponderRelease={[Function]}
                            onResponderTerminate={[Function]}
                            onResponderTerminationRequest={[Function]}
                            onStartShouldSetResponder={[Function]}
                            style={
                              Array [
                                Object {
                                  "backgroundColor": "lightgray",
                                  "borderColor": "#000",
                                  "borderRadius": 7,
                                  "borderWidth": 1,
                                  "elevation": 2,
                                  "marginRight": 5,
                                  "paddingHorizontal": 15,
                                  "paddingVertical": 10,
                                },
                                false,
                                false,
                              ]
                            }
                          >
                            <Text>
                              9
                            </Text>
                          </View>
                        </View>
                      </View>
                    </RCTScrollView>
                  </View>
                  <View
                    style={
                      Object {
                        "alignItems": "center",
                        "display": "flex",
                        "flex": 1,
                        "flexDirection": "row",
                        "justifyContent": "center",
                      }
                    }
                  >
                    <Text
                      style={
                        Object {
                          "fontSize": 23,
                        }
                      }
                    >
                      +
                      2
                    </Text>
                  </View>
                </View>
              </View>
            </View>
          </View>
          <View
            onLayout={[Function]}
          >
            <View
              style={
                Object {
                  "height": 70,
                }
              }
            />
          </View>
        </View>
      </RCTScrollView>
    </View>
  </View>,
]
`;
